PASS BASELINE_SEQUENCE_BYTES
PASS BASELINE_NO_PIT_WRITE
PASS BASELINE_RELEASE
PASS BASELINE_PORT_AUDIT
PASS OPTIONAL_PIT_SEQUENCE
PASS ONE_PIT_NOTE_PROGRAM
PASS PIT_RELEASE
PASS PIT_PORT_AUDIT
PASS IDEMPOTENT_CLOSE
PSGTEST [/pit] - optional fixed-level C5 layer; Escape stops.
PASS INVALID_OPTION_NO_IO
Exit Windows; known Tandy DOS session required.
PASS CONTEXT_REFUSAL_NO_IO
PASS ONLY_ALLOWED_PORTS
PASS PRESERVE_IMMEDIATE_61_UPPER_BITS
PASS RESTORED_INTERRUPT_FLAGS
RESULT checks=14 failures=0 writes=0 reads=0

PASS ESCAPE_WHILE_PIT_ACTIVE
PASS ESCAPE_OWNER_RELEASED
PASS ESCAPE_NO_LATER_SEQUENCE
PASS ONLY_ALLOWED_PORTS
PASS PRESERVE_IMMEDIATE_61_UPPER_BITS
PASS RESTORED_INTERRUPT_FLAGS
RESULT checks=6 failures=0 writes=22 reads=4

Sound is busy or unavailable; no playback started.
PASS BUSY_REFUSAL
PASS BUSY_NO_SOUND_WRITE
PASS ONLY_ALLOWED_PORTS
PASS PRESERVE_IMMEDIATE_61_UPPER_BITS
PASS RESTORED_INTERRUPT_FLAGS
RESULT checks=5 failures=0 writes=0 reads=1

PASS PIT_CONFLICT_FAILS_CLOSED
PASS FOREIGN_PIT_NOT_REPROGRAMMED
PASS FOREIGN_GATE_PRESERVED
PASS ONLY_ALLOWED_PORTS
PASS PRESERVE_IMMEDIATE_61_UPPER_BITS
PASS RESTORED_INTERRUPT_FLAGS
RESULT checks=6 failures=0 writes=16 reads=2
