
 JOYMIDI

 Start     Length     Name                   Class
 0001:0000 03594H     _TEXT                  CODE
 0002:0000 00010H     NULL                   BEGDATA
 0002:0010 007F6H     _DATA                  DATA
 0002:0806 0000EH     CDATA                  DATA
 0002:0814 00000H     XIFB                   DATA
 0002:0814 00000H     XIF                    DATA
 0002:0814 00000H     XIFE                   DATA
 0002:0814 00000H     XIB                    DATA
 0002:0814 00000H     XI                     DATA
 0002:0814 00000H     XIE                    DATA
 0002:0814 00000H     XPB                    DATA
 0002:0814 00000H     XP                     DATA
 0002:0814 00000H     XPE                    DATA
 0002:0814 00000H     XCB                    DATA
 0002:0814 00000H     XC                     DATA
 0002:0814 00000H     XCE                    DATA
 0002:0814 00000H     XCFB                   DATA
 0002:0814 00000H     XCF                    DATA
 0002:0814 00000H     XCFE                   DATA
 0002:0814 0000CH     DBDATA                 DATA
 0002:0820 00002H     XIQC                   DATA
 0002:0822 00000H     CONST                  CONST
 0002:0822 00019H     HDR                    MSG
 0002:083B 000B1H     MSG                    MSG
 0002:08EC 00002H     PAD                    MSG
 0002:08EE 00001H     EPAD                   MSG
 0002:08F0 00290H     _BSS                   BSS
 0002:0B80 00000H     XOB                    BSS
 0002:0B80 00000H     XO                     BSS
 0002:0B80 00000H     XOE                    BSS

 Origin   Group
 0002:0   DGROUP

 Address   Export                  Alias

 0001:198A WndProc                 WndProc

  Address         Publics by Name

 0000:0000  Imp  BEGINPAINT           (USER.39)
 0000:0000  Imp  BRINGWINDOWTOTOP     (USER.45)
 0000:0000  Imp  CLOSESOUND           (SOUND.2)
 0000:0000  Imp  CREATEWINDOW         (USER.41)
 0000:0000  Imp  DEFWINDOWPROC        (USER.107)
 0000:0000  Imp  DESTROYWINDOW        (USER.53)
 0000:0000  Imp  DISPATCHMESSAGE      (USER.114)
 0000:0000  Imp  DOS3CALL             (KERNEL.102)
 0000:0000  Imp  ENDPAINT             (USER.40)
 0000:0000  Imp  EXITWINDOWS          (USER.7)
 0000:0000  Imp  FATALAPPEXIT         (KERNEL.137)
 0000:0000  Imp  FATALEXIT            (KERNEL.1)
 0000:0000  Imp  FINDWINDOW           (USER.50)
 0000:0000  Imp  FREELIBRARY          (KERNEL.96)
 0000:0000  Imp  GETDLGITEM           (USER.91)
 0000:0000  Imp  GETFOCUS             (USER.23)
 0000:0000  Imp  GETKEYSTATE          (USER.106)
 0000:0000  Imp  GETMESSAGE           (USER.108)
 0000:0000  Imp  GETMODULEFILENAME    (KERNEL.49)
 0000:0000  Imp  GETNEXTDLGTABITEM    (USER.228)
 0000:0000  Imp  GETPROCADDRESS       (KERNEL.50)
 0000:0000  Imp  GETSTOCKOBJECT       (GDI.87)
 0000:0000  Imp  GETTICKCOUNT         (USER.13)
 0000:0000  Imp  GETWINDOWTEXT        (USER.36)
 0000:0000  Imp  GETWINFLAGS          (KERNEL.132)
 0000:0000  Imp  GLOBALALLOC          (KERNEL.15)
 0000:0000  Imp  GLOBALFREE           (KERNEL.17)
 0000:0000  Imp  GLOBALREALLOC        (KERNEL.16)
 0000:0000  Imp  INITAPP              (USER.5)
 0000:0000  Imp  INITTASK             (KERNEL.91)
 0000:0000  Imp  INVALIDATERECT       (USER.125)
 0000:0000  Imp  ISICONIC             (USER.31)
 0000:0000  Imp  KILLTIMER            (USER.12)
 0000:0000  Imp  LOADCURSOR           (USER.173)
 0000:0000  Imp  LOADLIBRARY          (KERNEL.95)
 0000:0000  Imp  LOCALALLOC           (KERNEL.5)
 0000:0000  Imp  LOCALFREE            (KERNEL.7)
 0000:0000  Imp  LOCALREALLOC         (KERNEL.6)
 0000:0000  Imp  LOCKSEGMENT          (KERNEL.23)
 0000:0000  Imp  LSTRCAT              (KERNEL.89)
 0000:0000  Imp  LSTRCMP              (USER.430)
 0000:0000  Imp  LSTRCPY              (KERNEL.88)
 0000:0000  Imp  LSTRLEN              (KERNEL.90)
 0000:0000  Imp  OPENFILE             (KERNEL.74)
 0000:0000  Imp  OPENSOUND            (SOUND.1)
 0000:0000  Imp  OUTPUTDEBUGSTRING    (KERNEL.115)
 0000:0008  Abs  pAtomTable
 0000:0006  Abs  pLocalHeap
 0000:0000  Imp  POSTMESSAGE          (USER.110)
 0000:0000  Imp  POSTQUITMESSAGE      (USER.6)
 0000:000E  Abs  pStackBot
 0000:000C  Abs  pStackMin
 0000:000A  Abs  pStackTop
 0000:0000  Imp  REGISTERCLASS        (USER.57)
 0002:0004       rsrvptrs
 0000:0000  Imp  SELECTOBJECT         (GDI.45)
 0000:0000  Imp  SENDMESSAGE          (USER.111)
 0000:0000  Imp  SETBKCOLOR           (GDI.1)
 0000:0000  Imp  SETFOCUS             (USER.22)
 0000:0000  Imp  SETTEXTCOLOR         (GDI.9)
 0000:0000  Imp  SETTIMER             (USER.10)
 0000:0000  Imp  SETWINDOWTEXT        (USER.37)
 0000:0000  Imp  SHOWWINDOW           (USER.42)
 0002:07A0       STKHQQ
 0000:0000  Imp  TEXTOUT              (GDI.33)
 0000:0000  Imp  TRANSLATEMESSAGE     (USER.113)
 0000:0000  Imp  UNLOCKSEGMENT        (KERNEL.24)
 0000:0000  Imp  UPDATEWINDOW         (USER.124)
 0000:0000  Imp  WAITEVENT            (KERNEL.30)
 0000:0000  Imp  WINEXEC              (KERNEL.166)
 0001:1D03       WINMAIN
 0001:198A       WndProc
 0002:08F0       _edata
 0000:0000  Abs  _end
 0002:07F1       _environ
 0002:07CA       _errno
 0001:30D1       _exit
 0001:29EE       _jm_arm
 0001:2767       _jm_init
 0001:2810       _jm_ready
 0001:2AA3       _jm_stop
 0001:2B40       _jm_tick
 0001:2EBC       _joy_capture
 0001:244C       _joy_center
 0001:221A       _joy_decode
 0001:24C0       _joy_normal
 0001:2349       _joy_reset
 0001:23A4       _joy_track
 0000:0000  Imp  _LCLOSE              (KERNEL.81)
 0000:0000  Imp  _LCREAT              (KERNEL.83)
 0000:0000  Imp  _LWRITE              (KERNEL.86)
 0001:347C       _malloc
 0000:0000  Imp  _wsprintf            (USER.420)
 0002:07AC       __aaltstkovr
 0002:07AE       __acfinfo
 0000:9876  Abs  __acrtmsg
 0000:9876  Abs  __acrtused
 0000:9876  Abs  __acrtused2
 0000:D6D6  Abs  __aDBdoswp
 0002:0800       __adbgmsg
 0002:0818       __aDBrterr
 0001:2F70       __aFchkstk
 0002:07BC       __aintdiv
 0002:0804       __amblksiz
 0001:33DB       __amsg_exit
 0001:2F50       __aNchkstk
 0001:2FA4       __aNuldiv
 0001:2EE3       __astart
 0002:082A       __caption
 0001:30E0       __cexit
 0002:07F8       __child
 0001:2F50       __chkstk
 0001:3004       __cinit
 0001:33D6       __cintDIV
 0001:314A       __ctermsub
 0001:30EA       __c_exit
 0002:07D5       __doserrno
 0002:07D2       __dosvermajor
 0002:07D3       __dosverminor
 0001:30D8       __exit
 0002:07C0       __fac
 0001:34F4       __ffree
 0001:34CA       __fmalloc
 0002:0808       __fpinit
 0000:9876  Abs  __fptaskdata
 0001:33F8       __fptrap
 0001:3554       __frealloc
 0002:07FB       __intno
 0001:3450       __myalloc
 0002:07D7       __nfile
 0001:34BA       __nfree
 0001:3480       __nmalloc
 0001:33FE       __NMSG_TEXT
 0001:3429       __NMSG_WRITE
 0001:3504       __nrealloc
 0002:07D5       __oserr
 0002:07D9       __osfile
 0002:07D2       __osmajor
 0002:07D3       __osminor
 0002:07D4       __osmode
 0002:07D2       __osversion
 0002:07FA       __ovlflag
 0002:07FC       __ovlvec
 0002:07F3       __pgmptr
 0002:07D0       __psp
 0002:07CE       __pspadr
 0001:31BA       __setargv
 0001:3358       __setenvp
 0002:07CC       __umaskval
 0001:2EE1       __wflags
 0000:0000  Imp  __WINFLAGS           (KERNEL.178)
 0002:081A       ___aDBexit
 0002:0816       ___aDBswpchk
 0002:0814       ___aDBswpflg
 0002:07ED       ___argc
 0002:07EF       ___argv
 0002:0820       ___qczrinit

  Address         Publics by Value

 0000:0000  Imp  FREELIBRARY          (KERNEL.96)
 0000:0000  Imp  DEFWINDOWPROC        (USER.107)
 0000:0000  Imp  GETKEYSTATE          (USER.106)
 0000:0000  Imp  TEXTOUT              (GDI.33)
 0000:0000  Imp  WINEXEC              (KERNEL.166)
 0000:0000  Imp  LSTRCPY              (KERNEL.88)
 0000:0000  Imp  _LCLOSE              (KERNEL.81)
 0000:0000  Imp  SETFOCUS             (USER.22)
 0000:0000  Imp  GETNEXTDLGTABITEM    (USER.228)
 0000:0000  Imp  OPENFILE             (KERNEL.74)
 0000:0000  Imp  FATALAPPEXIT         (KERNEL.137)
 0000:0000  Imp  _LWRITE              (KERNEL.86)
 0000:0000  Imp  UNLOCKSEGMENT        (KERNEL.24)
 0000:0000  Imp  CREATEWINDOW         (USER.41)
 0000:0000  Imp  GETDLGITEM           (USER.91)
 0000:0000  Imp  GETWINDOWTEXT        (USER.36)
 0000:0000  Imp  LSTRLEN              (KERNEL.90)
 0000:0000  Imp  GETMODULEFILENAME    (KERNEL.49)
 0000:0000  Imp  _wsprintf            (USER.420)
 0000:0000  Imp  KILLTIMER            (USER.12)
 0000:0000  Imp  POSTQUITMESSAGE      (USER.6)
 0000:0000  Imp  LOCALREALLOC         (KERNEL.6)
 0000:0000  Imp  EXITWINDOWS          (USER.7)
 0000:0000  Imp  FATALEXIT            (KERNEL.1)
 0000:0000  Imp  SETWINDOWTEXT        (USER.37)
 0000:0000  Imp  _LCREAT              (KERNEL.83)
 0000:0000  Imp  SETBKCOLOR           (GDI.1)
 0000:0000  Imp  GLOBALFREE           (KERNEL.17)
 0000:0000  Imp  GLOBALREALLOC        (KERNEL.16)
 0000:0000  Imp  UPDATEWINDOW         (USER.124)
 0000:0000  Imp  GETTICKCOUNT         (USER.13)
 0000:0000  Imp  GETPROCADDRESS       (KERNEL.50)
 0000:0000  Imp  GLOBALALLOC          (KERNEL.15)
 0000:0000  Imp  BRINGWINDOWTOTOP     (USER.45)
 0000:0000  Imp  SHOWWINDOW           (USER.42)
 0000:0000  Imp  OUTPUTDEBUGSTRING    (KERNEL.115)
 0000:0000  Imp  SETTEXTCOLOR         (GDI.9)
 0000:0000  Imp  OPENSOUND            (SOUND.1)
 0000:0000  Imp  INITTASK             (KERNEL.91)
 0000:0000  Imp  LOCALFREE            (KERNEL.7)
 0000:0000  Imp  LSTRCAT              (KERNEL.89)
 0000:0000  Imp  LOADCURSOR           (USER.173)
 0000:0000  Imp  REGISTERCLASS        (USER.57)
 0000:0000  Imp  BEGINPAINT           (USER.39)
 0000:0000  Imp  INITAPP              (USER.5)
 0000:0000  Imp  GETWINFLAGS          (KERNEL.132)
 0000:0000  Imp  LSTRCMP              (USER.430)
 0000:0000  Imp  DISPATCHMESSAGE      (USER.114)
 0000:0000  Imp  WAITEVENT            (KERNEL.30)
 0000:0000  Imp  SENDMESSAGE          (USER.111)
 0000:0000  Imp  CLOSESOUND           (SOUND.2)
 0000:0000  Imp  GETSTOCKOBJECT       (GDI.87)
 0000:0000  Imp  LOADLIBRARY          (KERNEL.95)
 0000:0000  Imp  DESTROYWINDOW        (USER.53)
 0000:0000  Imp  GETFOCUS             (USER.23)
 0000:0000  Imp  SETTIMER             (USER.10)
 0000:0000  Imp  LOCALALLOC           (KERNEL.5)
 0000:0000  Imp  LOCKSEGMENT          (KERNEL.23)
 0000:0000  Imp  ENDPAINT             (USER.40)
 0000:0000  Imp  TRANSLATEMESSAGE     (USER.113)
 0000:0000  Imp  POSTMESSAGE          (USER.110)
 0000:0000  Abs  _end
 0000:0000  Imp  GETMESSAGE           (USER.108)
 0000:0000  Imp  ISICONIC             (USER.31)
 0000:0000  Imp  DOS3CALL             (KERNEL.102)
 0000:0000  Imp  FINDWINDOW           (USER.50)
 0000:0000  Imp  SELECTOBJECT         (GDI.45)
 0000:0000  Imp  INVALIDATERECT       (USER.125)
 0000:0000  Imp  __WINFLAGS           (KERNEL.178)
 0000:0006  Abs  pLocalHeap
 0000:0008  Abs  pAtomTable
 0000:000A  Abs  pStackTop
 0000:000C  Abs  pStackMin
 0000:000E  Abs  pStackBot
 0000:9876  Abs  __acrtmsg
 0000:9876  Abs  __fptaskdata
 0000:9876  Abs  __acrtused2
 0000:9876  Abs  __acrtused
 0000:D6D6  Abs  __aDBdoswp
 0001:198A       WndProc
 0001:1D03       WINMAIN
 0001:221A       _joy_decode
 0001:2349       _joy_reset
 0001:23A4       _joy_track
 0001:244C       _joy_center
 0001:24C0       _joy_normal
 0001:2767       _jm_init
 0001:2810       _jm_ready
 0001:29EE       _jm_arm
 0001:2AA3       _jm_stop
 0001:2B40       _jm_tick
 0001:2EBC       _joy_capture
 0001:2EE1       __wflags
 0001:2EE3       __astart
 0001:2F50       __chkstk
 0001:2F50       __aNchkstk
 0001:2F70       __aFchkstk
 0001:2FA4       __aNuldiv
 0001:3004       __cinit
 0001:30D1       _exit
 0001:30D8       __exit
 0001:30E0       __cexit
 0001:30EA       __c_exit
 0001:314A       __ctermsub
 0001:31BA       __setargv
 0001:3358       __setenvp
 0001:33D6       __cintDIV
 0001:33DB       __amsg_exit
 0001:33F8       __fptrap
 0001:33FE       __NMSG_TEXT
 0001:3429       __NMSG_WRITE
 0001:3450       __myalloc
 0001:347C       _malloc
 0001:3480       __nmalloc
 0001:34BA       __nfree
 0001:34CA       __fmalloc
 0001:34F4       __ffree
 0001:3504       __nrealloc
 0001:3554       __frealloc
 0002:0004       rsrvptrs
 0002:07A0       STKHQQ
 0002:07AC       __aaltstkovr
 0002:07AE       __acfinfo
 0002:07BC       __aintdiv
 0002:07C0       __fac
 0002:07CA       _errno
 0002:07CC       __umaskval
 0002:07CE       __pspadr
 0002:07D0       __psp
 0002:07D2       __dosvermajor
 0002:07D2       __osmajor
 0002:07D2       __osversion
 0002:07D3       __dosverminor
 0002:07D3       __osminor
 0002:07D4       __osmode
 0002:07D5       __oserr
 0002:07D5       __doserrno
 0002:07D7       __nfile
 0002:07D9       __osfile
 0002:07ED       ___argc
 0002:07EF       ___argv
 0002:07F1       _environ
 0002:07F3       __pgmptr
 0002:07F8       __child
 0002:07FA       __ovlflag
 0002:07FB       __intno
 0002:07FC       __ovlvec
 0002:0800       __adbgmsg
 0002:0804       __amblksiz
 0002:0808       __fpinit
 0002:0814       ___aDBswpflg
 0002:0816       ___aDBswpchk
 0002:0818       __aDBrterr
 0002:081A       ___aDBexit
 0002:0820       ___qczrinit
 0002:082A       __caption
 0002:08F0       _edata

Program entry point at 0001:2EE3
