
 MINIPIAN

 Start     Length     Name                   Class
 0001:0000 02F74H     _TEXT                  CODE
 0002:0000 00010H     NULL                   BEGDATA
 0002:0010 006D6H     _DATA                  DATA
 0002:06E6 0000EH     CDATA                  DATA
 0002:06F4 00000H     XIFB                   DATA
 0002:06F4 00000H     XIF                    DATA
 0002:06F4 00000H     XIFE                   DATA
 0002:06F4 00000H     XIB                    DATA
 0002:06F4 00000H     XI                     DATA
 0002:06F4 00000H     XIE                    DATA
 0002:06F4 00000H     XPB                    DATA
 0002:06F4 00000H     XP                     DATA
 0002:06F4 00000H     XPE                    DATA
 0002:06F4 00000H     XCB                    DATA
 0002:06F4 00000H     XC                     DATA
 0002:06F4 00000H     XCE                    DATA
 0002:06F4 00000H     XCFB                   DATA
 0002:06F4 00000H     XCF                    DATA
 0002:06F4 00000H     XCFE                   DATA
 0002:06F4 0000CH     DBDATA                 DATA
 0002:0700 00002H     XIQC                   DATA
 0002:0702 00000H     CONST                  CONST
 0002:0702 00019H     HDR                    MSG
 0002:071B 000B1H     MSG                    MSG
 0002:07CC 00002H     PAD                    MSG
 0002:07CE 00001H     EPAD                   MSG
 0002:07D0 000B0H     _BSS                   BSS
 0002:0880 00000H     XOB                    BSS
 0002:0880 00000H     XO                     BSS
 0002:0880 00000H     XOE                    BSS

 Origin   Group
 0002:0   DGROUP

 Address   Export                  Alias

 0001:1CF1 WndProc                 WndProc

  Address         Publics by Name

 0000:0000  Imp  BEGINPAINT           (USER.39)
 0000:0000  Imp  BRINGWINDOWTOTOP     (USER.45)
 0000:0000  Imp  CLOSESOUND           (SOUND.2)
 0000:0000  Imp  CREATEWINDOW         (USER.41)
 0000:0000  Imp  DEFWINDOWPROC        (USER.107)
 0000:0000  Imp  DESTROYWINDOW        (USER.53)
 0000:0000  Imp  DISPATCHMESSAGE      (USER.114)
 0000:0000  Imp  DOS3CALL             (KERNEL.102)
 0000:0000  Imp  ENDPAINT             (USER.40)
 0000:0000  Imp  EXITWINDOWS          (USER.7)
 0000:0000  Imp  FATALAPPEXIT         (KERNEL.137)
 0000:0000  Imp  FATALEXIT            (KERNEL.1)
 0000:0000  Imp  FILLRECT             (USER.81)
 0000:0000  Imp  FINDWINDOW           (USER.50)
 0000:0000  Imp  FRAMERECT            (USER.83)
 0000:0000  Imp  FREELIBRARY          (KERNEL.96)
 0000:0000  Imp  GETASYNCKEYSTATE     (USER.249)
 0000:0000  Imp  GETCAPTURE           (USER.236)
 0000:0000  Imp  GETDLGITEM           (USER.91)
 0000:0000  Imp  GETFOCUS             (USER.23)
 0000:0000  Imp  GETKEYSTATE          (USER.106)
 0000:0000  Imp  GETMESSAGE           (USER.108)
 0000:0000  Imp  GETMODULEFILENAME    (KERNEL.49)
 0000:0000  Imp  GETNEXTDLGTABITEM    (USER.228)
 0000:0000  Imp  GETPROCADDRESS       (KERNEL.50)
 0000:0000  Imp  GETSTOCKOBJECT       (GDI.87)
 0000:0000  Imp  GETWINFLAGS          (KERNEL.132)
 0000:0000  Imp  GLOBALALLOC          (KERNEL.15)
 0000:0000  Imp  GLOBALFREE           (KERNEL.17)
 0000:0000  Imp  GLOBALREALLOC        (KERNEL.16)
 0000:0000  Imp  INITAPP              (USER.5)
 0000:0000  Imp  INITTASK             (KERNEL.91)
 0000:0000  Imp  INTERSECTRECT        (USER.79)
 0000:0000  Imp  INVALIDATERECT       (USER.125)
 0000:0000  Imp  KILLTIMER            (USER.12)
 0000:0000  Imp  LOADCURSOR           (USER.173)
 0000:0000  Imp  LOADLIBRARY          (KERNEL.95)
 0000:0000  Imp  LOCALALLOC           (KERNEL.5)
 0000:0000  Imp  LOCALFREE            (KERNEL.7)
 0000:0000  Imp  LOCALREALLOC         (KERNEL.6)
 0000:0000  Imp  LOCKSEGMENT          (KERNEL.23)
 0000:0000  Imp  LSTRCAT              (KERNEL.89)
 0000:0000  Imp  LSTRCMP              (USER.430)
 0000:0000  Imp  LSTRCPY              (KERNEL.88)
 0000:0000  Imp  LSTRLEN              (KERNEL.90)
 0000:0000  Imp  OPENFILE             (KERNEL.74)
 0000:0000  Imp  OPENSOUND            (SOUND.1)
 0000:0000  Imp  OUTPUTDEBUGSTRING    (KERNEL.115)
 0000:0008  Abs  pAtomTable
 0000:0006  Abs  pLocalHeap
 0000:0000  Imp  POSTMESSAGE          (USER.110)
 0000:0000  Imp  POSTQUITMESSAGE      (USER.6)
 0000:000E  Abs  pStackBot
 0000:000C  Abs  pStackMin
 0000:000A  Abs  pStackTop
 0000:0000  Imp  RECTVISIBLE          (GDI.104)
 0000:0000  Imp  REGISTERCLASS        (USER.57)
 0000:0000  Imp  RELEASECAPTURE       (USER.19)
 0002:0004       rsrvptrs
 0000:0000  Imp  SELECTOBJECT         (GDI.45)
 0000:0000  Imp  SENDMESSAGE          (USER.111)
 0000:0000  Imp  SETBKCOLOR           (GDI.1)
 0000:0000  Imp  SETCAPTURE           (USER.18)
 0000:0000  Imp  SETFOCUS             (USER.22)
 0000:0000  Imp  SETRECT              (USER.72)
 0000:0000  Imp  SETTEXTCOLOR         (GDI.9)
 0000:0000  Imp  SETTIMER             (USER.10)
 0000:0000  Imp  SHOWWINDOW           (USER.42)
 0002:0680       STKHQQ
 0000:0000  Imp  TEXTOUT              (GDI.33)
 0000:0000  Imp  TRANSLATEMESSAGE     (USER.113)
 0000:0000  Imp  UNLOCKSEGMENT        (KERNEL.24)
 0000:0000  Imp  UPDATEWINDOW         (USER.124)
 0000:0000  Imp  WAITEVENT            (KERNEL.30)
 0000:0000  Imp  WINEXEC              (KERNEL.166)
 0001:2154       WINMAIN
 0001:1CF1       WndProc
 0002:07D0       _edata
 0000:0000  Abs  _end
 0002:06D1       _environ
 0002:06AA       _errno
 0001:2AB1       _exit
 0000:0000  Imp  _LCLOSE              (KERNEL.81)
 0000:0000  Imp  _LCREAT              (KERNEL.83)
 0000:0000  Imp  _LWRITE              (KERNEL.86)
 0001:2E5C       _malloc
 0001:26E7       _pi_init
 0001:288C       _pi_octave
 0001:284F       _pi_panic
 0001:2750       _pi_press
 0001:2820       _pi_release
 0001:28DA       _pi_scan
 0000:0000  Imp  _wsprintf            (USER.420)
 0002:068C       __aaltstkovr
 0002:068E       __acfinfo
 0000:9876  Abs  __acrtmsg
 0000:9876  Abs  __acrtused
 0000:9876  Abs  __acrtused2
 0000:D6D6  Abs  __aDBdoswp
 0002:06E0       __adbgmsg
 0002:06F8       __aDBrterr
 0001:29B0       __aFchkstk
 0002:069C       __aintdiv
 0002:06E4       __amblksiz
 0001:2DBB       __amsg_exit
 0001:2990       __aNchkstk
 0001:2923       __astart
 0002:070A       __caption
 0001:2AC0       __cexit
 0002:06D8       __child
 0001:2990       __chkstk
 0001:29E4       __cinit
 0001:2DB6       __cintDIV
 0001:2B2A       __ctermsub
 0001:2ACA       __c_exit
 0002:06B5       __doserrno
 0002:06B2       __dosvermajor
 0002:06B3       __dosverminor
 0001:2AB8       __exit
 0002:06A0       __fac
 0001:2ED4       __ffree
 0001:2EAA       __fmalloc
 0002:06E8       __fpinit
 0000:9876  Abs  __fptaskdata
 0001:2DD8       __fptrap
 0001:2F34       __frealloc
 0002:06DB       __intno
 0001:2E30       __myalloc
 0002:06B7       __nfile
 0001:2E9A       __nfree
 0001:2E60       __nmalloc
 0001:2DDE       __NMSG_TEXT
 0001:2E09       __NMSG_WRITE
 0001:2EE4       __nrealloc
 0002:06B5       __oserr
 0002:06B9       __osfile
 0002:06B2       __osmajor
 0002:06B3       __osminor
 0002:06B4       __osmode
 0002:06B2       __osversion
 0002:06DA       __ovlflag
 0002:06DC       __ovlvec
 0002:06D3       __pgmptr
 0002:06B0       __psp
 0002:06AE       __pspadr
 0001:2B9A       __setargv
 0001:2D38       __setenvp
 0002:06AC       __umaskval
 0001:2921       __wflags
 0000:0000  Imp  __WINFLAGS           (KERNEL.178)
 0002:06FA       ___aDBexit
 0002:06F6       ___aDBswpchk
 0002:06F4       ___aDBswpflg
 0002:06CD       ___argc
 0002:06CF       ___argv
 0002:0700       ___qczrinit

  Address         Publics by Value

 0000:0000  Imp  GETWINFLAGS          (KERNEL.132)
 0000:0000  Imp  GETKEYSTATE          (USER.106)
 0000:0000  Imp  TEXTOUT              (GDI.33)
 0000:0000  Imp  WINEXEC              (KERNEL.166)
 0000:0000  Imp  LSTRCPY              (KERNEL.88)
 0000:0000  Imp  _LCLOSE              (KERNEL.81)
 0000:0000  Imp  SETFOCUS             (USER.22)
 0000:0000  Imp  GETNEXTDLGTABITEM    (USER.228)
 0000:0000  Imp  SHOWWINDOW           (USER.42)
 0000:0000  Imp  FATALAPPEXIT         (KERNEL.137)
 0000:0000  Imp  SETRECT              (USER.72)
 0000:0000  Imp  FRAMERECT            (USER.83)
 0000:0000  Imp  UNLOCKSEGMENT        (KERNEL.24)
 0000:0000  Imp  CREATEWINDOW         (USER.41)
 0000:0000  Imp  GETDLGITEM           (USER.91)
 0000:0000  Imp  GETMODULEFILENAME    (KERNEL.49)
 0000:0000  Imp  FATALEXIT            (KERNEL.1)
 0000:0000  Imp  OUTPUTDEBUGSTRING    (KERNEL.115)
 0000:0000  Imp  _wsprintf            (USER.420)
 0000:0000  Imp  GETASYNCKEYSTATE     (USER.249)
 0000:0000  Imp  GETPROCADDRESS       (KERNEL.50)
 0000:0000  Imp  POSTQUITMESSAGE      (USER.6)
 0000:0000  Imp  GETFOCUS             (USER.23)
 0000:0000  Imp  EXITWINDOWS          (USER.7)
 0000:0000  Imp  GLOBALFREE           (KERNEL.17)
 0000:0000  Imp  KILLTIMER            (USER.12)
 0000:0000  Imp  _LCREAT              (KERNEL.83)
 0000:0000  Imp  SETCAPTURE           (USER.18)
 0000:0000  Imp  GLOBALREALLOC        (KERNEL.16)
 0000:0000  Imp  LOCALREALLOC         (KERNEL.6)
 0000:0000  Imp  UPDATEWINDOW         (USER.124)
 0000:0000  Imp  SETTEXTCOLOR         (GDI.9)
 0000:0000  Imp  INTERSECTRECT        (USER.79)
 0000:0000  Imp  OPENSOUND            (SOUND.1)
 0000:0000  Imp  INITTASK             (KERNEL.91)
 0000:0000  Imp  RECTVISIBLE          (GDI.104)
 0000:0000  Imp  BEGINPAINT           (USER.39)
 0000:0000  Imp  GLOBALALLOC          (KERNEL.15)
 0000:0000  Imp  LSTRCMP              (USER.430)
 0000:0000  Imp  LOCALFREE            (KERNEL.7)
 0000:0000  Imp  FILLRECT             (USER.81)
 0000:0000  Imp  LSTRLEN              (KERNEL.90)
 0000:0000  Imp  LOADCURSOR           (USER.173)
 0000:0000  Imp  REGISTERCLASS        (USER.57)
 0000:0000  Imp  SETTIMER             (USER.10)
 0000:0000  Imp  INITAPP              (USER.5)
 0000:0000  Imp  POSTMESSAGE          (USER.110)
 0000:0000  Imp  WAITEVENT            (KERNEL.30)
 0000:0000  Imp  SENDMESSAGE          (USER.111)
 0000:0000  Imp  CLOSESOUND           (SOUND.2)
 0000:0000  Imp  GETSTOCKOBJECT       (GDI.87)
 0000:0000  Imp  LOADLIBRARY          (KERNEL.95)
 0000:0000  Imp  DESTROYWINDOW        (USER.53)
 0000:0000  Imp  DISPATCHMESSAGE      (USER.114)
 0000:0000  Imp  SELECTOBJECT         (GDI.45)
 0000:0000  Imp  GETCAPTURE           (USER.236)
 0000:0000  Imp  LOCKSEGMENT          (KERNEL.23)
 0000:0000  Imp  ENDPAINT             (USER.40)
 0000:0000  Imp  TRANSLATEMESSAGE     (USER.113)
 0000:0000  Imp  INVALIDATERECT       (USER.125)
 0000:0000  Abs  _end
 0000:0000  Imp  GETMESSAGE           (USER.108)
 0000:0000  Imp  DOS3CALL             (KERNEL.102)
 0000:0000  Imp  FINDWINDOW           (USER.50)
 0000:0000  Imp  __WINFLAGS           (KERNEL.178)
 0000:0000  Imp  _LWRITE              (KERNEL.86)
 0000:0000  Imp  LOCALALLOC           (KERNEL.5)
 0000:0000  Imp  OPENFILE             (KERNEL.74)
 0000:0000  Imp  BRINGWINDOWTOTOP     (USER.45)
 0000:0000  Imp  SETBKCOLOR           (GDI.1)
 0000:0000  Imp  RELEASECAPTURE       (USER.19)
 0000:0000  Imp  DEFWINDOWPROC        (USER.107)
 0000:0000  Imp  LSTRCAT              (KERNEL.89)
 0000:0000  Imp  FREELIBRARY          (KERNEL.96)
 0000:0006  Abs  pLocalHeap
 0000:0008  Abs  pAtomTable
 0000:000A  Abs  pStackTop
 0000:000C  Abs  pStackMin
 0000:000E  Abs  pStackBot
 0000:9876  Abs  __acrtused2
 0000:9876  Abs  __acrtmsg
 0000:9876  Abs  __fptaskdata
 0000:9876  Abs  __acrtused
 0000:D6D6  Abs  __aDBdoswp
 0001:1CF1       WndProc
 0001:2154       WINMAIN
 0001:26E7       _pi_init
 0001:2750       _pi_press
 0001:2820       _pi_release
 0001:284F       _pi_panic
 0001:288C       _pi_octave
 0001:28DA       _pi_scan
 0001:2921       __wflags
 0001:2923       __astart
 0001:2990       __aNchkstk
 0001:2990       __chkstk
 0001:29B0       __aFchkstk
 0001:29E4       __cinit
 0001:2AB1       _exit
 0001:2AB8       __exit
 0001:2AC0       __cexit
 0001:2ACA       __c_exit
 0001:2B2A       __ctermsub
 0001:2B9A       __setargv
 0001:2D38       __setenvp
 0001:2DB6       __cintDIV
 0001:2DBB       __amsg_exit
 0001:2DD8       __fptrap
 0001:2DDE       __NMSG_TEXT
 0001:2E09       __NMSG_WRITE
 0001:2E30       __myalloc
 0001:2E5C       _malloc
 0001:2E60       __nmalloc
 0001:2E9A       __nfree
 0001:2EAA       __fmalloc
 0001:2ED4       __ffree
 0001:2EE4       __nrealloc
 0001:2F34       __frealloc
 0002:0004       rsrvptrs
 0002:0680       STKHQQ
 0002:068C       __aaltstkovr
 0002:068E       __acfinfo
 0002:069C       __aintdiv
 0002:06A0       __fac
 0002:06AA       _errno
 0002:06AC       __umaskval
 0002:06AE       __pspadr
 0002:06B0       __psp
 0002:06B2       __osmajor
 0002:06B2       __osversion
 0002:06B2       __dosvermajor
 0002:06B3       __osminor
 0002:06B3       __dosverminor
 0002:06B4       __osmode
 0002:06B5       __doserrno
 0002:06B5       __oserr
 0002:06B7       __nfile
 0002:06B9       __osfile
 0002:06CD       ___argc
 0002:06CF       ___argv
 0002:06D1       _environ
 0002:06D3       __pgmptr
 0002:06D8       __child
 0002:06DA       __ovlflag
 0002:06DB       __intno
 0002:06DC       __ovlvec
 0002:06E0       __adbgmsg
 0002:06E4       __amblksiz
 0002:06E8       __fpinit
 0002:06F4       ___aDBswpflg
 0002:06F6       ___aDBswpchk
 0002:06F8       __aDBrterr
 0002:06FA       ___aDBexit
 0002:0700       ___qczrinit
 0002:070A       __caption
 0002:07D0       _edata

Program entry point at 0001:2923
